[36mvite v7.3.1 [32mbuilding client environment for production...[36m[39m
transforming...
[32mÔ£ô[39m 2164 modules transformed.
rendering chunks...
computing gzip size...
[2mdist/client/[22m[32m.assetsignore                                [39m[1m[2m    0.02 kB[22m[1m[22m
[2mdist/client/[22m[32massets/Facebook_Logo_2023-DtOR6Pv8.png       [39m[1m[2m   32.11 kB[22m[1m[22m
[2mdist/client/[22m[32massets/logo-CP9hG-Ul.jpg                     [39m[1m[2m   32.94 kB[22m[1m[22m
[2mdist/client/[22m[32massets/WhatsApp_icon-Bs_f00FW.png            [39m[1m[2m   56.18 kB[22m[1m[22m
[2mdist/client/[22m[32massets/store-beauty-CxCvscXh.jpg             [39m[1m[2m  116.40 kB[22m[1m[22m
[2mdist/client/[22m[32massets/store-grocery-Bf2yXrmb.jpg            [39m[1m[2m  127.18 kB[22m[1m[22m
[2mdist/client/[22m[32massets/X_icon.svg-D-k7OJRQ.png               [39m[1m[2m  156.59 kB[22m[1m[22m
[2mdist/client/[22m[32massets/store-fashion-geGl77Le.jpg            [39m[1m[2m  166.98 kB[22m[1m[22m
[2mdist/client/[22m[32massets/Instagram_logo_2016.svg-DEcd92yT.png  [39m[1m[2m1,216.06 kB[22m[1m[22m
[2mdist/client/[22m[35massets/styles-B_iiamUK.css                   [39m[1m[2m  117.74 kB[22m[1m[22m[2m Ôöé gzip:  19.21 kB[22m
[2mdist/client/[22m[36massets/loader-circle-CTOfqS6G.js             [39m[1m[2m    0.14 kB[22m[1m[22m[2m Ôöé gzip:   0.16 kB[22m
[2mdist/client/[22m[36massets/x-CwT-HQdF.js                         [39m[1m[2m    0.16 kB[22m[1m[22m[2m Ôöé gzip:   0.15 kB[22m
[2mdist/client/[22m[36massets/clock-u9toixnS.js                     [39m[1m[2m    0.17 kB[22m[1m[22m[2m Ôöé gzip:   0.17 kB[22m
[2mdist/client/[22m[36massets/arrow-left-vmjloOSX.js                [39m[1m[2m    0.17 kB[22m[1m[22m[2m Ôöé gzip:   0.17 kB[22m
[2mdist/client/[22m[36massets/circle-check-BWWmYCBE.js              [39m[1m[2m    0.18 kB[22m[1m[22m[2m Ôöé gzip:   0.17 kB[22m
[2mdist/client/[22m[36massets/circle-x-Cv6w6e1F.js                  [39m[1m[2m    0.20 kB[22m[1m[22m[2m Ôöé gzip:   0.18 kB[22m
[2mdist/client/[22m[36massets/mail-DoMR5dwx.js                      [39m[1m[2m    0.22 kB[22m[1m[22m[2m Ôöé gzip:   0.21 kB[22m
[2mdist/client/[22m[36massets/circle-alert-BeCJE8w5.js              [39m[1m[2m    0.25 kB[22m[1m[22m[2m Ôöé gzip:   0.19 kB[22m
[2mdist/client/[22m[36massets/eye-By4Q-y3i.js                       [39m[1m[2m    0.25 kB[22m[1m[22m[2m Ôöé gzip:   0.20 kB[22m
[2mdist/client/[22m[36massets/calendar-DiF2U1QL.js                  [39m[1m[2m    0.26 kB[22m[1m[22m[2m Ôöé gzip:   0.21 kB[22m
[2mdist/client/[22m[36massets/triangle-alert-7_RMyMj6.js            [39m[1m[2m    0.27 kB[22m[1m[22m[2m Ôöé gzip:   0.22 kB[22m
[2mdist/client/[22m[36massets/badge-check-C-yv-Am_.js               [39m[1m[2m    0.31 kB[22m[1m[22m[2m Ôöé gzip:   0.21 kB[22m
[2mdist/client/[22m[36massets/phone-BpFsbL9s.js                     [39m[1m[2m    0.32 kB[22m[1m[22m[2m Ôöé gzip:   0.23 kB[22m
[2mdist/client/[22m[36massets/shopping-bag-Bbo8uuP4.js              [39m[1m[2m    0.34 kB[22m[1m[22m[2m Ôöé gzip:   0.24 kB[22m
[2mdist/client/[22m[36massets/landmark-Brq_5PGo.js                  [39m[1m[2m    0.40 kB[22m[1m[22m[2m Ôöé gzip:   0.27 kB[22m
[2mdist/client/[22m[36massets/trash-2-rh2Ye7HX.js                   [39m[1m[2m    0.44 kB[22m[1m[22m[2m Ôöé gzip:   0.27 kB[22m
[2mdist/client/[22m[36massets/textarea-9hp_ch52.js                  [39m[1m[2m    0.45 kB[22m[1m[22m[2m Ôöé gzip:   0.32 kB[22m
[2mdist/client/[22m[36massets/star-R45MUW16.js                      [39m[1m[2m    0.47 kB[22m[1m[22m[2m Ôöé gzip:   0.29 kB[22m
[2mdist/client/[22m[36massets/sonner-CLX4ZAuY.js                    [39m[1m[2m    0.53 kB[22m[1m[22m[2m Ôöé gzip:   0.27 kB[22m
[2mdist/client/[22m[36massets/input-CzxXN34r.js                     [39m[1m[2m    0.56 kB[22m[1m[22m[2m Ôöé gzip:   0.35 kB[22m
[2mdist/client/[22m[36massets/analytics-Dp6F8FHu.js                 [39m[1m[2m    0.61 kB[22m[1m[22m[2m Ôöé gzip:   0.34 kB[22m
[2mdist/client/[22m[36massets/list-store-pcdQXYac.js                [39m[1m[2m    0.70 kB[22m[1m[22m[2m Ôöé gzip:   0.41 kB[22m
[2mdist/client/[22m[36massets/merchant-Ci9d6Hpi.js                  [39m[1m[2m    0.70 kB[22m[1m[22m[2m Ôöé gzip:   0.41 kB[22m
[2mdist/client/[22m[36massets/NavigationLoadingOverlay-DYUx1SJA.js  [39m[1m[2m    0.78 kB[22m[1m[22m[2m Ôöé gzip:   0.31 kB[22m
[2mdist/client/[22m[36massets/store._id-CVLInX44.js                 [39m[1m[2m    0.79 kB[22m[1m[22m[2m Ôöé gzip:   0.42 kB[22m
[2mdist/client/[22m[36massets/auth.callback-CH1KEybc.js             [39m[1m[2m    0.89 kB[22m[1m[22m[2m Ôöé gzip:   0.55 kB[22m
[2mdist/client/[22m[36massets/label-DnfRtLto.js                     [39m[1m[2m    0.91 kB[22m[1m[22m[2m Ôöé gzip:   0.56 kB[22m
[2mdist/client/[22m[36massets/VerificationBadge-j4P4qFsT.js         [39m[1m[2m    1.67 kB[22m[1m[22m[2m Ôöé gzip:   0.72 kB[22m
[2mdist/client/[22m[36massets/refunds-cancellations-DVVNjMk3.js     [39m[1m[2m    2.17 kB[22m[1m[22m[2m Ôöé gzip:   0.94 kB[22m
[2mdist/client/[22m[36massets/farmers-market-C8qcxS-d.js            [39m[1m[2m    3.10 kB[22m[1m[22m[2m Ôöé gzip:   1.15 kB[22m
[2mdist/client/[22m[36massets/rate-D7d7EUIY.js                      [39m[1m[2m    4.10 kB[22m[1m[22m[2m Ôöé gzip:   1.64 kB[22m
[2mdist/client/[22m[36massets/help-5u7oKxH3.js                      [39m[1m[2m    5.93 kB[22m[1m[22m[2m Ôöé gzip:   2.10 kB[22m
[2mdist/client/[22m[36massets/following-B9GCmbi0.js                 [39m[1m[2m    6.93 kB[22m[1m[22m[2m Ôöé gzip:   2.63 kB[22m
[2mdist/client/[22m[36massets/privacy-CYD5Pegz.js                   [39m[1m[2m    7.21 kB[22m[1m[22m[2m Ôöé gzip:   2.41 kB[22m
[2mdist/client/[22m[36massets/admin.fraud-reviews-CtdwtNOX.js       [39m[1m[2m    7.34 kB[22m[1m[22m[2m Ôöé gzip:   2.67 kB[22m
[2mdist/client/[22m[36massets/booking-B8lqFMCG.js                   [39m[1m[2m    7.90 kB[22m[1m[22m[2m Ôöé gzip:   2.99 kB[22m
[2mdist/client/[22m[36massets/terms-vLI2ZGPY.js                     [39m[1m[2m    8.73 kB[22m[1m[22m[2m Ôöé gzip:   2.94 kB[22m
[2mdist/client/[22m[36massets/order-Ba6YQs0Z.js                     [39m[1m[2m    9.03 kB[22m[1m[22m[2m Ôöé gzip:   3.08 kB[22m
[2mdist/client/[22m[36massets/auth-DNMrOJdi.js                      [39m[1m[2m   10.10 kB[22m[1m[22m[2m Ôöé gzip:   3.99 kB[22m
[2mdist/client/[22m[36massets/customer.dashboard-CvLJOVT-.js        [39m[1m[2m   11.74 kB[22m[1m[22m[2m Ôöé gzip:   3.17 kB[22m
[2mdist/client/[22m[36massets/customer.profile-BwawACJm.js          [39m[1m[2m   11.77 kB[22m[1m[22m[2m Ôöé gzip:   3.30 kB[22m
[2mdist/client/[22m[36massets/PostReactions-7SqfwEhX.js             [39m[1m[2m   13.32 kB[22m[1m[22m[2m Ôöé gzip:   5.05 kB[22m
[2mdist/client/[22m[36massets/logo-Csq8SvuY.js                      [39m[1m[2m   16.39 kB[22m[1m[22m[2m Ôöé gzip:   5.50 kB[22m
[2mdist/client/[22m[36massets/admin-BRGB-EbB.js                     [39m[1m[2m   20.66 kB[22m[1m[22m[2m Ôöé gzip:   5.69 kB[22m
[2mdist/client/[22m[36massets/select-BLLbPRRb.js                    [39m[1m[2m   22.78 kB[22m[1m[22m[2m Ôöé gzip:   8.01 kB[22m
[2mdist/client/[22m[36massets/store._id-VJkigL52.js                 [39m[1m[2m   33.26 kB[22m[1m[22m[2m Ôöé gzip:   9.10 kB[22m
[2mdist/client/[22m[36massets/index-BLJZhiOI.js                     [39m[1m[2m   33.41 kB[22m[1m[22m[2m Ôöé gzip:   9.54 kB[22m
[2mdist/client/[22m[36massets/list-store-CdBNNckz.js                [39m[1m[2m   35.47 kB[22m[1m[22m[2m Ôöé gzip:   9.41 kB[22m
[2mdist/client/[22m[36massets/index-DbM-tUkc.js                     [39m[1m[2m   35.76 kB[22m[1m[22m[2m Ôöé gzip:  10.76 kB[22m
[2mdist/client/[22m[36massets/skeleton-DglREu0T.js                  [39m[1m[2m   44.00 kB[22m[1m[22m[2m Ôöé gzip:  11.63 kB[22m
[2mdist/client/[22m[36massets/Navbar-CZwFOVHM.js                    [39m[1m[2m   82.31 kB[22m[1m[22m[2m Ôöé gzip:  28.06 kB[22m
[2mdist/client/[22m[36massets/merchant-Bww7WCOo.js                  [39m[1m[2m   94.61 kB[22m[1m[22m[2m Ôöé gzip:  23.23 kB[22m
[2mdist/client/[22m[36massets/getCountryCallingCode-DuVgqMKb.js     [39m[1m[2m  100.10 kB[22m[1m[22m[2m Ôöé gzip:  25.27 kB[22m
[2mdist/client/[22m[36massets/main-CfTiTHvT.js                      [39m[1m[33m  624.30 kB[39m[22m[2m Ôöé gzip: 182.84 kB[22m
[32mÔ£ô built in 11.26s[39m
[36mvite v7.3.1 [32mbuilding ssr environment for production...[36m[39m
transforming...
[32mÔ£ô[39m 2206 modules transformed.
rendering chunks...
Using secrets defined in .env
[2mdist/server/[22m[32m.dev.vars                                      [39m[1m[2m    0.65 kB[22m[1m[22m
[2mdist/server/[22m[32mwrangler.json                                  [39m[1m[2m    1.31 kB[22m[1m[22m
[2mdist/server/[22m[32m.vite/manifest.json                            [39m[1m[2m   21.60 kB[22m[1m[22m
[2mdist/server/[22m[32massets/Facebook_Logo_2023-DtOR6Pv8.png         [39m[1m[2m   32.11 kB[22m[1m[22m
[2mdist/server/[22m[32massets/logo-CP9hG-Ul.jpg                       [39m[1m[2m   32.94 kB[22m[1m[22m
[2mdist/server/[22m[32massets/WhatsApp_icon-Bs_f00FW.png              [39m[1m[2m   56.18 kB[22m[1m[22m
[2mdist/server/[22m[32massets/store-beauty-CxCvscXh.jpg               [39m[1m[2m  116.40 kB[22m[1m[22m
[2mdist/server/[22m[32massets/store-grocery-Bf2yXrmb.jpg              [39m[1m[2m  127.18 kB[22m[1m[22m
[2mdist/server/[22m[32massets/X_icon.svg-D-k7OJRQ.png                 [39m[1m[2m  156.59 kB[22m[1m[22m
[2mdist/server/[22m[32massets/store-fashion-geGl77Le.jpg              [39m[1m[2m  166.98 kB[22m[1m[22m
[2mdist/server/[22m[32massets/Instagram_logo_2016.svg-DEcd92yT.png    [39m[1m[2m1,216.06 kB[22m[1m[22m
[2mdist/server/[22m[35massets/styles-B_iiamUK.css                     [39m[1m[2m  117.74 kB[22m[1m[22m
[2mdist/server/[22m[36massets/start-HYkvq4Ni.js                       [39m[1m[2m    0.06 kB[22m[1m[22m
[2mdist/server/[22m[36mindex.js                                       [39m[1m[2m    0.21 kB[22m[1m[22m
[2mdist/server/[22m[36massets/x-Co6pigLC.js                           [39m[1m[2m    0.24 kB[22m[1m[22m
[2mdist/server/[22m[36massets/loader-circle-2KRRbPjT.js               [39m[1m[2m    0.25 kB[22m[1m[22m
[2mdist/server/[22m[36massets/arrow-left-BbmnPAaV.js                  [39m[1m[2m    0.27 kB[22m[1m[22m
[2mdist/server/[22m[36massets/clock-D8LQCV5b.js                       [39m[1m[2m    0.27 kB[22m[1m[22m
[2mdist/server/[22m[36massets/circle-check-DTrpJRx5.js                [39m[1m[2m    0.30 kB[22m[1m[22m
[2mdist/server/[22m[36massets/mail-IIWBgw2q.js                        [39m[1m[2m    0.32 kB[22m[1m[22m
[2mdist/server/[22m[36massets/circle-x-cZfSEYZa.js                    [39m[1m[2m    0.33 kB[22m[1m[22m
[2mdist/server/[22m[36massets/eye-DmcfEPCY.js                         [39m[1m[2m    0.39 kB[22m[1m[22m
[2mdist/server/[22m[36massets/circle-alert-BjFNcFXq.js                [39m[1m[2m    0.39 kB[22m[1m[22m
[2mdist/server/[22m[36massets/calendar-B-2aww5d.js                    [39m[1m[2m    0.39 kB[22m[1m[22m
[2mdist/server/[22m[36massets/triangle-alert-C8aMIsTa.js              [39m[1m[2m    0.42 kB[22m[1m[22m
[2mdist/server/[22m[36massets/phone-BBrXBasY.js                       [39m[1m[2m    0.44 kB[22m[1m[22m
[2mdist/server/[22m[36massets/badge-check-CZWZ8oRN.js                 [39m[1m[2m    0.46 kB[22m[1m[22m
[2mdist/server/[22m[36massets/shopping-bag-C2Ev-y5b.js                [39m[1m[2m    0.49 kB[22m[1m[22m
[2mdist/server/[22m[36massets/landmark-AF1p4-eI.js                    [39m[1m[2m    0.57 kB[22m[1m[22m
[2mdist/server/[22m[36massets/star-CpzjnTrK.js                        [39m[1m[2m    0.59 kB[22m[1m[22m
[2mdist/server/[22m[36massets/trash-2-BbcRPNFi.js                     [39m[1m[2m    0.64 kB[22m[1m[22m
[2mdist/server/[22m[36massets/textarea-BeSAeI9r.js                    [39m[1m[2m    0.74 kB[22m[1m[22m
[2mdist/server/[22m[36massets/sonner-L-VcfIfq.js                      [39m[1m[2m    0.78 kB[22m[1m[22m
[2mdist/server/[22m[36massets/input-BW19kPMG.js                       [39m[1m[2m    0.84 kB[22m[1m[22m
[2mdist/server/[22m[36massets/list-store-Ciu_qbLY.js                  [39m[1m[2m    1.13 kB[22m[1m[22m
[2mdist/server/[22m[36massets/merchant-DfNzAWtH.js                    [39m[1m[2m    1.13 kB[22m[1m[22m
[2mdist/server/[22m[36massets/analytics-DNcKtBd_.js                   [39m[1m[2m    1.15 kB[22m[1m[22m
[2mdist/server/[22m[36massets/store._id-C9sURcbk.js                   [39m[1m[2m    1.30 kB[22m[1m[22m
[2mdist/server/[22m[36massets/NavigationLoadingOverlay-j48VaqF2.js    [39m[1m[2m    1.34 kB[22m[1m[22m
[2mdist/server/[22m[36massets/auth.callback-CoG-KfTD.js               [39m[1m[2m    1.80 kB[22m[1m[22m
[2mdist/server/[22m[36massets/label-PVsdN0xb.js                       [39m[1m[2m    1.83 kB[22m[1m[22m
[2mdist/server/[22m[36massets/VerificationBadge-CM8Rz_Gz.js           [39m[1m[2m    2.77 kB[22m[1m[22m
[2mdist/server/[22m[36massets/refunds-cancellations-Cp7t7sru.js       [39m[1m[2m    3.47 kB[22m[1m[22m
[2mdist/server/[22m[36massets/farmers-market-gp_YVlTp.js              [39m[1m[2m    4.69 kB[22m[1m[22m
[2mdist/server/[22m[36massets/rate-BY3EN9r9.js                        [39m[1m[2m    7.31 kB[22m[1m[22m
[2mdist/server/[22m[36massets/_tanstack-start-manifest_v-DkYZdbbK.js  [39m[1m[2m    8.41 kB[22m[1m[22m
[2mdist/server/[22m[36massets/help-CftpalsY.js                        [39m[1m[2m    8.85 kB[22m[1m[22m
[2mdist/server/[22m[36massets/privacy-C0u1LFFU.js                     [39m[1m[2m   11.51 kB[22m[1m[22m
[2mdist/server/[22m[36massets/following-lvFmz7Gk.js                   [39m[1m[2m   11.82 kB[22m[1m[22m
[2mdist/server/[22m[36massets/booking-Co74FAeb.js                     [39m[1m[2m   13.38 kB[22m[1m[22m
[2mdist/server/[22m[36massets/terms-mEIUlQlA.js                       [39m[1m[2m   13.40 kB[22m[1m[22m
[2mdist/server/[22m[36massets/admin.fraud-reviews-DLoqs11C.js         [39m[1m[2m   13.93 kB[22m[1m[22m
[2mdist/server/[22m[36massets/order-CrPiHD4U.js                       [39m[1m[2m   15.08 kB[22m[1m[22m
[2mdist/server/[22m[36massets/auth-BQOkYCQy.js                        [39m[1m[2m   19.39 kB[22m[1m[22m
[2mdist/server/[22m[36massets/customer.dashboard-D7QNvhWM.js          [39m[1m[2m   21.33 kB[22m[1m[22m
[2mdist/server/[22m[36massets/customer.profile-YqMLVvX-.js            [39m[1m[2m   22.85 kB[22m[1m[22m
[2mdist/server/[22m[36massets/PostReactions-BIbIeZHd.js               [39m[1m[2m   28.34 kB[22m[1m[22m
[2mdist/server/[22m[36massets/admin-7WS79Bb4.js                       [39m[1m[2m   38.92 kB[22m[1m[22m
[2mdist/server/[22m[36massets/logo-CPGE4Ajo.js                        [39m[1m[2m   40.17 kB[22m[1m[22m
[2mdist/server/[22m[36massets/index-D-A40HKC.js                       [39m[1m[2m   56.12 kB[22m[1m[22m
[2mdist/server/[22m[36massets/select-BfFG4t2X.js                      [39m[1m[2m   59.11 kB[22m[1m[22m
[2mdist/server/[22m[36massets/index-Jv76cZej.js                       [39m[1m[2m   61.03 kB[22m[1m[22m
[2mdist/server/[22m[36massets/store._id-CvnF9EyE.js                   [39m[1m[2m   62.56 kB[22m[1m[22m
[2mdist/server/[22m[36massets/list-store-BwUvg9mh.js                  [39m[1m[2m   68.03 kB[22m[1m[22m
[2mdist/server/[22m[36massets/skeleton-DRkSFk_I.js                    [39m[1m[2m   86.28 kB[22m[1m[22m
[2mdist/server/[22m[36massets/getCountryCallingCode-BO0fyUdm.js       [39m[1m[2m  117.91 kB[22m[1m[22m
[2mdist/server/[22m[36massets/merchant-01vSB8dW.js                    [39m[1m[2m  178.51 kB[22m[1m[22m
[2mdist/server/[22m[36massets/Navbar-C4uClyq9.js                      [39m[1m[2m  201.01 kB[22m[1m[22m
[2mdist/server/[22m[36massets/worker-entry-BtW-sBSu.js                [39m[1m[33m  729.22 kB[39m[22m
[2mdist/server/[22m[36massets/router-C37ho78K.js                      [39m[1m[33m1,033.45 kB[39m[22m
[32mÔ£ô built in 10.58s[39m
